Archive member included because of file (symbol)

c:/program files (x86)/atmel/atmel toolchain/avr8 gcc/native/3.4.1061/avr8-gnu-toolchain/bin/../lib/gcc/avr/4.8.1/../../../../avr/lib/avrxmega7\libm.a(cmpsf2.o)
                              xmega/usart_driver.o (__ltsf2)
c:/program files (x86)/atmel/atmel toolchain/avr8 gcc/native/3.4.1061/avr8-gnu-toolchain/bin/../lib/gcc/avr/4.8.1/../../../../avr/lib/avrxmega7\libm.a(fixsfsi.o)
                              xmega/usart_driver.o (__fixsfsi)
c:/program files (x86)/atmel/atmel toolchain/avr8 gcc/native/3.4.1061/avr8-gnu-toolchain/bin/../lib/gcc/avr/4.8.1/../../../../avr/lib/avrxmega7\libm.a(fixunssfsi.o)
                              c:/program files (x86)/atmel/atmel toolchain/avr8 gcc/native/3.4.1061/avr8-gnu-toolchain/bin/../lib/gcc/avr/4.8.1/../../../../avr/lib/avrxmega7\libm.a(fixsfsi.o) (__fixunssfsi)
c:/program files (x86)/atmel/atmel toolchain/avr8 gcc/native/3.4.1061/avr8-gnu-toolchain/bin/../lib/gcc/avr/4.8.1/../../../../avr/lib/avrxmega7\libm.a(fp_cmp.o)
                              c:/program files (x86)/atmel/atmel toolchain/avr8 gcc/native/3.4.1061/avr8-gnu-toolchain/bin/../lib/gcc/avr/4.8.1/../../../../avr/lib/avrxmega7\libm.a(cmpsf2.o) (__fp_cmp)
c:/program files (x86)/atmel/atmel toolchain/avr8 gcc/native/3.4.1061/avr8-gnu-toolchain/bin/../lib/gcc/avr/4.8.1/../../../../avr/lib/avrxmega7\libm.a(fp_split3.o)
                              c:/program files (x86)/atmel/atmel toolchain/avr8 gcc/native/3.4.1061/avr8-gnu-toolchain/bin/../lib/gcc/avr/4.8.1/../../../../avr/lib/avrxmega7\libm.a(fixunssfsi.o) (__fp_splitA)
c:/program files (x86)/atmel/atmel toolchain/avr8 gcc/native/3.4.1061/avr8-gnu-toolchain/bin/../lib/gcc/avr/4.8.1/../../../../avr/lib/avrxmega7\libm.a(fp_zero.o)
                              c:/program files (x86)/atmel/atmel toolchain/avr8 gcc/native/3.4.1061/avr8-gnu-toolchain/bin/../lib/gcc/avr/4.8.1/../../../../avr/lib/avrxmega7\libm.a(fixunssfsi.o) (__fp_zero)
c:/program files (x86)/atmel/atmel toolchain/avr8 gcc/native/3.4.1061/avr8-gnu-toolchain/bin/../lib/gcc/avr/4.8.1/../../../../avr/lib/avrxmega7\libm.a(modf.o)
                              xmega/usart_driver.o (modf)
c:/program files (x86)/atmel/atmel toolchain/avr8 gcc/native/3.4.1061/avr8-gnu-toolchain/bin/../lib/gcc/avr/4.8.1/../../../../avr/lib/avrxmega7\libm.a(mulsf3.o)
                              xmega/usart_driver.o (__mulsf3)
c:/program files (x86)/atmel/atmel toolchain/avr8 gcc/native/3.4.1061/avr8-gnu-toolchain/bin/../lib/gcc/avr/4.8.1/../../../../avr/lib/avrxmega7\libm.a(mulsf3x.o)
                              c:/program files (x86)/atmel/atmel toolchain/avr8 gcc/native/3.4.1061/avr8-gnu-toolchain/bin/../lib/gcc/avr/4.8.1/../../../../avr/lib/avrxmega7\libm.a(mulsf3.o) (__mulsf3x)
c:/program files (x86)/atmel/atmel toolchain/avr8 gcc/native/3.4.1061/avr8-gnu-toolchain/bin/../lib/gcc/avr/4.8.1/../../../../avr/lib/avrxmega7\libm.a(round.o)
                              xmega/usart_driver.o (round)
c:/program files (x86)/atmel/atmel toolchain/avr8 gcc/native/3.4.1061/avr8-gnu-toolchain/bin/../lib/gcc/avr/4.8.1/../../../../avr/lib/avrxmega7\libm.a(addsf3.o)
                              c:/program files (x86)/atmel/atmel toolchain/avr8 gcc/native/3.4.1061/avr8-gnu-toolchain/bin/../lib/gcc/avr/4.8.1/../../../../avr/lib/avrxmega7\libm.a(modf.o) (__subsf3)
c:/program files (x86)/atmel/atmel toolchain/avr8 gcc/native/3.4.1061/avr8-gnu-toolchain/bin/../lib/gcc/avr/4.8.1/../../../../avr/lib/avrxmega7\libm.a(addsf3x.o)
                              c:/program files (x86)/atmel/atmel toolchain/avr8 gcc/native/3.4.1061/avr8-gnu-toolchain/bin/../lib/gcc/avr/4.8.1/../../../../avr/lib/avrxmega7\libm.a(addsf3.o) (__addsf3x)
c:/program files (x86)/atmel/atmel toolchain/avr8 gcc/native/3.4.1061/avr8-gnu-toolchain/bin/../lib/gcc/avr/4.8.1/../../../../avr/lib/avrxmega7\libm.a(fp_inf.o)
                              c:/program files (x86)/atmel/atmel toolchain/avr8 gcc/native/3.4.1061/avr8-gnu-toolchain/bin/../lib/gcc/avr/4.8.1/../../../../avr/lib/avrxmega7\libm.a(mulsf3x.o) (__fp_inf)
c:/program files (x86)/atmel/atmel toolchain/avr8 gcc/native/3.4.1061/avr8-gnu-toolchain/bin/../lib/gcc/avr/4.8.1/../../../../avr/lib/avrxmega7\libm.a(fp_mintl.o)
                              c:/program files (x86)/atmel/atmel toolchain/avr8 gcc/native/3.4.1061/avr8-gnu-toolchain/bin/../lib/gcc/avr/4.8.1/../../../../avr/lib/avrxmega7\libm.a(round.o) (__fp_mintl)
c:/program files (x86)/atmel/atmel toolchain/avr8 gcc/native/3.4.1061/avr8-gnu-toolchain/bin/../lib/gcc/avr/4.8.1/../../../../avr/lib/avrxmega7\libm.a(fp_mpack.o)
                              c:/program files (x86)/atmel/atmel toolchain/avr8 gcc/native/3.4.1061/avr8-gnu-toolchain/bin/../lib/gcc/avr/4.8.1/../../../../avr/lib/avrxmega7\libm.a(round.o) (__fp_mpack)
[...]
Memory Configuration

Name             Origin             Length             Attributes
text             0x00000000         0x00100000         xr
data             0x00802000         0x0000ffa0         rw !x
eeprom           0x00810000         0x00010000         rw !x
fuse             0x00820000         0x00000400         rw !x
lock             0x00830000         0x00000400         rw !x
signature        0x00840000         0x00000400         rw !x
user_signatures  0x00850000         0x00000400         rw !x
*default*        0x00000000         0xffffffff

Linker script and memory map

LOAD c:/program files (x86)/atmel/atmel toolchain/avr8 gcc/native/3.4.1061/avr8-gnu-toolchain/bin/../lib/gcc/avr/4.8.1/../../../../avr/lib/avrxmega7/crtx128a1.o
LOAD core.o
LOAD mechanism.o
LOAD pendulum_project.o
LOAD port_driver.o
LOAD sdcard/byteordering.o
LOAD sdcard/fat.o
LOAD sdcard/partition.o
LOAD sdcard/sd_raw.o
LOAD sdcard_driver.o
LOAD TC_driver.o
LOAD xmega/usart_driver.o
START GROUP
LOAD c:/program files (x86)/atmel/atmel toolchain/avr8 gcc/native/3.4.1061/avr8-gnu-toolchain/bin/../lib/gcc/avr/4.8.1/../../../../avr/lib/avrxmega7\libm.a
END GROUP
START GROUP
LOAD c:/program files (x86)/atmel/atmel toolchain/avr8 gcc/native/3.4.1061/avr8-gnu-toolchain/bin/../lib/gcc/avr/4.8.1/avrxmega7\libgcc.a
LOAD c:/program files (x86)/atmel/atmel toolchain/avr8 gcc/native/3.4.1061/avr8-gnu-toolchain/bin/../lib/gcc/avr/4.8.1/../../../../avr/lib/avrxmega7\libm.a
LOAD c:/program files (x86)/atmel/atmel toolchain/avr8 gcc/native/3.4.1061/avr8-gnu-toolchain/bin/../lib/gcc/avr/4.8.1/../../../../avr/lib/avrxmega7\libc.a
END GROUP

.hash
 *(.hash)

.dynsym
 *(.dynsym)

.dynstr
 *(.dynstr)

.gnu.version
 *(.gnu.version)

.gnu.version_d
 *(.gnu.version_d)

.gnu.version_r
 *(.gnu.version_r)

.rel.init
 *(.rel.init)

.rela.init
 *(.rela.init)

.rel.text
 *(.rel.text)
 *(.rel.text.*)
 *(.rel.gnu.linkonce.t*)

.rela.text
 *(.rela.text)
 *(.rela.text.*)
 *(.rela.gnu.linkonce.t*)

.rel.fini
 *(.rel.fini)

.rela.fini
 *(.rela.fini)

.rel.rodata
 *(.rel.rodata)
 *(.rel.rodata.*)
 *(.rel.gnu.linkonce.r*)

.rela.rodata
 *(.rela.rodata)
 *(.rela.rodata.*)
 *(.rela.gnu.linkonce.r*)

.rel.data
 *(.rel.data)
 *(.rel.data.*)
 *(.rel.gnu.linkonce.d*)

.rela.data
 *(.rela.data)
 *(.rela.data.*)
 *(.rela.gnu.linkonce.d*)

.rel.ctors
 *(.rel.ctors)

.rela.ctors
 *(.rela.ctors)

.rel.dtors
 *(.rel.dtors)

.rela.dtors
 *(.rela.dtors)

.rel.got
 *(.rel.got)

.rela.got
 *(.rela.got)

.rel.bss
 *(.rel.bss)

.rela.bss
 *(.rela.bss)

.rel.plt
 *(.rel.plt)

.rela.plt
 *(.rela.plt)

.text           0x00000000     0x431c
 *(.vectors)
 .vectors       0x00000000      0x1f4 c:/program files (x86)/atmel/atmel toolchain/avr8 gcc/native/3.4.1061/avr8-gnu-toolchain/bin/../lib/gcc/avr/4.8.1/../../../../avr/lib/avrxmega7/crtx128a1.o
                0x00000000                __vector_default
                0x00000000                __vectors
 *(.vectors)
 *(.progmem.gcc*)
 .progmem.gcc_sw_table.sd_raw_get_info
                0x000001f4       0x1e sdcard/sd_raw.o
                0x00000212                . = ALIGN (0x2)
                0x00000212                __trampolines_start = .
 *(.trampolines)
 .trampolines   0x00000212        0x0 linker stubs
 *(.trampolines*)
                0x00000212                __trampolines_end = .
 *(.progmem*)
                0x00000212                . = ALIGN (0x2)
 *(.jumptables)
 *(.jumptables*)
 *(.lowtext)
 *(.lowtext*)
                0x00000212                __ctors_start = .
 *(.ctors)
                0x00000212                __ctors_end = .
                0x00000212                __dtors_start = .
 *(.dtors)
                0x00000212                __dtors_end = .
 SORT(*)(.ctors)
 SORT(*)(.dtors)
 *(.init0)
 .init0         0x00000212        0x0 c:/program files (x86)/atmel/atmel toolchain/avr8 gcc/native/3.4.1061/avr8-gnu-toolchain/bin/../lib/gcc/avr/4.8.1/../../../../avr/lib/avrxmega7/crtx128a1.o
                0x00000212                __init
 *(.init0)
 *(.init1)
 *(.init1)
 *(.init2)
 .init2         0x00000212       0x18 c:/program files (x86)/atmel/atmel toolchain/avr8 gcc/native/3.4.1061/avr8-gnu-toolchain/bin/../lib/gcc/avr/4.8.1/../../../../avr/lib/avrxmega7/crtx128a1.o
 *(.init2)
 *(.init3)
 *(.init3)
 *(.init4)
 .init4         0x0000022a       0x1c c:/program files (x86)/atmel/atmel toolchain/avr8 gcc/native/3.4.1061/avr8-gnu-toolchain/bin/../lib/gcc/avr/4.8.1/avrxmega7\libgcc.a(_copy_data.o)
                0x0000022a                __do_copy_data
 .init4         0x00000246       0x10 c:/program files (x86)/atmel/atmel toolchain/avr8 gcc/native/3.4.1061/avr8-gnu-toolchain/bin/../lib/gcc/avr/4.8.1/avrxmega7\libgcc.a(_clear_bss.o)
                0x00000246                __do_clear_bss
 *(.init4)
 *(.init5)
 *(.init5)
 *(.init6)
 *(.init6)
 *(.init7)
 *(.init7)
 *(.init8)
 *(.init8)
 *(.init9)
 .init9         0x00000256        0x6 c:/program files (x86)/atmel/atmel toolchain/avr8 gcc/native/3.4.1061/avr8-gnu-toolchain/bin/../lib/gcc/avr/4.8.1/../../../../avr/lib/avrxmega7/crtx128a1.o
 *(.init9)
 *(.text)
 .text          0x0000025c        0x2 c:/program files (x86)/atmel/atmel toolchain/avr8 gcc/native/3.4.1061/avr8-gnu-toolchain/bin/../lib/gcc/avr/4.8.1/../../../../avr/lib/avrxmega7/crtx128a1.o
                0x0000025c                __vector_38
                0x0000025c                __vector_104
                0x0000025c                __vector_22
                0x0000025c                __vector_63
                0x0000025c                __vector_28
                0x0000025c                __vector_67
                0x0000025c                __vector_1
                0x0000025c                __vector_119
                0x0000025c                __vector_32
                0x0000025c                __vector_75
                0x0000025c                __vector_71
                0x0000025c                __vector_91
                0x0000025c                __vector_34
                0x0000025c                __vector_62
                0x0000025c                __vector_77
                0x0000025c                __vector_102
                0x0000025c                __vector_24
                0x0000025c                __vector_12
                0x0000025c                __vector_55
                0x0000025c                __vector_69
                0x0000025c                __vector_81
                0x0000025c                __vector_90
                0x0000025c                __vector_46
                0x0000025c                __bad_interrupt
                0x0000025c                __vector_122
                0x0000025c                __vector_72
                0x0000025c                __vector_114
                0x0000025c                __vector_6
                0x0000025c                __vector_110
                0x0000025c                __vector_31
                0x0000025c                __vector_92
                0x0000025c                __vector_35
                0x0000025c                __vector_78
                0x0000025c                __vector_74
                0x0000025c                __vector_117
                0x0000025c                __vector_39
                0x0000025c                __vector_107
                0x0000025c                __vector_3
                0x0000025c                __vector_105
                0x0000025c                __vector_98
                0x0000025c                __vector_23
                0x0000025c                __vector_68
                0x0000025c                __vector_30
                0x0000025c                __vector_73
                0x0000025c                __vector_45
                0x0000025c                __vector_93
                0x0000025c                __vector_61
                0x0000025c                __vector_11
                0x0000025c                __vector_54
                0x0000025c                __vector_99
                0x0000025c                __vector_13
                0x0000025c                __vector_17
                0x0000025c                __vector_19
                0x0000025c                __vector_56
                0x0000025c                __vector_7
                0x0000025c                __vector_49
                0x0000025c                __vector_123
                0x0000025c                __vector_41
                0x0000025c                __vector_86
                0x0000025c                __vector_100
                0x0000025c                __vector_101
                0x0000025c                __vector_64
                0x0000025c                __vector_88
                0x0000025c                __vector_109
                0x0000025c                __vector_43
                0x0000025c                __vector_27
                0x0000025c                __vector_5
                0x0000025c                __vector_113
                0x0000025c                __vector_33
                0x0000025c                __vector_76
                0x0000025c                __vector_115
                0x0000025c                __vector_47
                0x0000025c                __vector_52
                0x0000025c                __vector_37
                0x0000025c                __vector_95
                0x0000025c                __vector_103
                0x0000025c                __vector_96
                0x0000025c                __vector_89
                0x0000025c                __vector_4
                0x0000025c                __vector_44
                0x0000025c                __vector_82
                0x0000025c                __vector_106
                0x0000025c                __vector_118
                0x0000025c                __vector_51
                0x0000025c                __vector_9
                0x0000025c                __vector_2
                0x0000025c                __vector_21
                0x0000025c                __vector_15
                0x0000025c                __vector_66
                0x0000025c                __vector_36
                0x0000025c                __vector_79
                0x0000025c                __vector_58
                0x0000025c                __vector_70
                0x0000025c                __vector_83
                0x0000025c                __vector_29
                0x0000025c                __vector_60
                0x0000025c                __vector_121
                0x0000025c                __vector_40
                0x0000025c                __vector_85
                0x0000025c                __vector_94
                0x0000025c                __vector_8
                0x0000025c                __vector_48
                0x0000025c                __vector_124
                0x0000025c                __vector_116
                0x0000025c                __vector_112
                0x0000025c                __vector_111
                0x0000025c                __vector_80
                0x0000025c                __vector_14
                0x0000025c                __vector_84
                0x0000025c                __vector_57
                0x0000025c                __vector_10
                0x0000025c                __vector_50
                0x0000025c                __vector_16
                0x0000025c                __vector_59
                0x0000025c                __vector_18
                0x0000025c                __vector_97
                0x0000025c                __vector_20
                0x0000025c                __vector_42
                0x0000025c                __vector_87
                0x0000025c                __vector_65
                0x0000025c                __vector_120
                0x0000025e                . = ALIGN (0x2)
 *(.text.*)
 .text.InitMCU  0x0000025e      0x126 core.o
                0x0000025e                InitMCU
 .text.__vector_25
                0x00000384       0x6a core.o
                0x00000384                __vector_25
 .text.__vector_26
                0x000003ee       0x6a core.o
                0x000003ee                __vector_26
 .text.send_str
                0x00000458       0x24 core.o
                0x00000458                send_str
 .text.__vector_108
                0x0000047c       0x68 core.o
                0x0000047c                __vector_108
 .text.__vector_53
                0x000004e4      0x236 mechanism.o
                0x000004e4                __vector_53
 .text.reset_controller
                0x0000071a       0x28 mechanism.o
                0x0000071a                reset_controller
 .text.Lengetes_1
                0x00000742      0x1a2 mechanism.o
                0x00000742                Lengetes_1
 .text.Lengetes_2
                0x000008e4      0x1a2 mechanism.o
                0x000008e4                Lengetes_2
 .text.move_motors
                0x00000a86       0xca mechanism.o
                0x00000a86                move_motors
 .text.read_a_SD_file
                0x00000b50      0x144 mechanism.o
                0x00000b50                read_a_SD_file
 .text.read_params_SD
                0x00000c94      0x2bc mechanism.o
                0x00000c94                read_params_SD
 .text.main     0x00000f50      0x296 pendulum_project.o
                0x00000f50                main
 .text.read16   0x000011e6       0x10 sdcard/byteordering.o
                0x000011e6                read16
 .text.read32   0x000011f6       0x24 sdcard/byteordering.o
                0x000011f6                read32
 .text.fat_get_next_cluster
                0x0000121a      0x166 sdcard/fat.o
 .text.fat_cluster_offset
                0x00001380       0xc6 sdcard/fat.o
 .text.fat_calc_83_checksum
                0x00001446       0x16 sdcard/fat.o
 .text.fat_get_fs_free_16_callback
                0x0000145c       0x62 sdcard/fat.o
 .text.fat_dir_entry_read_callback
                0x000014be      0x302 sdcard/fat.o
 .text.fat_get_fs_free_32_callback
                0x000017c0       0x66 sdcard/fat.o
 .text.fat_open
                0x00001826      0x560 sdcard/fat.o
                0x00001826                fat_open
 .text.fat_close
                0x00001d86        0xc sdcard/fat.o
                0x00001d86                fat_close
 .text.fat_open_file
                0x00001d92       0x9c sdcard/fat.o
                0x00001d92                fat_open_file
 .text.fat_close_file
                0x00001e2e        0xc sdcard/fat.o
                0x00001e2e                fat_close_file
 .text.fat_read_file
                0x00001e3a      0x39c sdcard/fat.o
                0x00001e3a                fat_read_file
 .text.fat_open_dir
                0x000021d6       0x84 sdcard/fat.o
                0x000021d6                fat_open_dir
 .text.fat_close_dir
                0x0000225a        0xc sdcard/fat.o
                0x0000225a                fat_close_dir
 .text.fat_reset_dir
                0x00002266       0x22 sdcard/fat.o
                0x00002266                fat_reset_dir
 .text.fat_read_dir
                0x00002288      0x260 sdcard/fat.o
                0x00002288                fat_read_dir
 .text.fat_get_dir_entry_of_path
                0x000024e8      0x140 sdcard/fat.o
                0x000024e8                fat_get_dir_entry_of_path
 .text.fat_get_fs_size
                0x00002628       0xde sdcard/fat.o
                0x00002628                fat_get_fs_size
 .text.fat_get_fs_free
                0x00002706      0x1f0 sdcard/fat.o
                0x00002706                fat_get_fs_free
 .text.partition_open
                0x000028f6      0x154 sdcard/partition.o
                0x000028f6                partition_open
 .text.partition_close
                0x00002a4a       0x10 sdcard/partition.o
                0x00002a4a                partition_close
 .text.sd_raw_send_byte
                0x00002a5a        0xe sdcard/sd_raw.o
 .text.sd_raw_rec_byte
                0x00002a68       0x16 sdcard/sd_raw.o
 .text.sd_raw_send_command
                0x00002a7e       0x64 sdcard/sd_raw.o
 .text.sd_raw_sync
                0x00002ae2       0x5a sdcard/sd_raw.o
                0x00002ae2                sd_raw_sync
 .text.sd_raw_read
                0x00002b3c      0x264 sdcard/sd_raw.o
                0x00002b3c                sd_raw_read
 .text.sd_raw_init
                0x00002da0      0x1ea sdcard/sd_raw.o
                0x00002da0                sd_raw_init
 .text.sd_raw_read_interval
                0x00002f8a      0x152 sdcard/sd_raw.o
                0x00002f8a                sd_raw_read_interval
 .text.sd_raw_write
                0x000030dc      0x28c sdcard/sd_raw.o
                0x000030dc                sd_raw_write
 .text.sd_raw_write_interval
                0x00003368      0x168 sdcard/sd_raw.o
                0x00003368                sd_raw_write_interval
 .text.sd_raw_get_info
                0x000034d0      0x2a2 sdcard/sd_raw.o
                0x000034d0                sd_raw_get_info
 .text.sd_file_getchar
                0x00003772       0x42 sdcard_driver.o
                0x00003772                sd_file_getchar
 .text.find_file_in_dir
                0x000037b4       0x42 sdcard_driver.o
                0x000037b4                find_file_in_dir
 .text.open_file_in_dir
                0x000037f6       0x42 sdcard_driver.o
                0x000037f6                open_file_in_dir
 .text.print_disk_info
                0x00003838      0x1f4 sdcard_driver.o
                0x00003838                print_disk_info
 .text.sd_get_Directory
                0x00003a2c       0x96 sdcard_driver.o
                0x00003a2c                sd_get_Directory
 .text.sd_card_open
                0x00003ac2       0xe8 sdcard_driver.o
                0x00003ac2                sd_card_open
 .text.sd_card_close
                0x00003baa       0x50 sdcard_driver.o
                0x00003baa                sd_card_close
 .text.sd_file_open
                0x00003bfa       0x84 sdcard_driver.o
                0x00003bfa                sd_file_open
 .text.sd_file_close
                0x00003c7e       0x28 sdcard_driver.o
                0x00003c7e                sd_file_close
 .text.TC1_ConfigClockSource
                0x00003ca6        0xc TC_driver.o
                0x00003ca6                TC1_ConfigClockSource
 .text.TC1_SetOverflowIntLevel
                0x00003cb2        0xc TC_driver.o
                0x00003cb2                TC1_SetOverflowIntLevel
 .text.USART_InterruptDriver_Initialize
                0x00003cbe       0x1c xmega/usart_driver.o
                0x00003cbe                USART_InterruptDriver_Initialize
 .text.USART_TXBuffer_PutByte
                0x00003cda       0x52 xmega/usart_driver.o
                0x00003cda                USART_TXBuffer_PutByte
 .text.USART_RXComplete
                0x00003d2c       0x36 xmega/usart_driver.o
                0x00003d2c                USART_RXComplete
 .text.USART_DataRegEmpty
                0x00003d62       0x4a xmega/usart_driver.o
                0x00003d62                USART_DataRegEmpty
 .text.usart_putc
                0x00003dac       0x52 xmega/usart_driver.o
                0x00003dac                usart_putc
 .text.usart_puts
                0x00003dfe       0x68 xmega/usart_driver.o
                0x00003dfe                usart_puts
 .text.usart_putc_hex
                0x00003e66       0x40 xmega/usart_driver.o
                0x00003e66                usart_putc_hex
 .text.usart_putw_hex
                0x00003ea6       0x1c xmega/usart_driver.o
                0x00003ea6                usart_putw_hex
 .text.usart_putdw_hex
                0x00003ec2       0x2e xmega/usart_driver.o
                0x00003ec2                usart_putdw_hex
 .text.usart_putw_dec
                0x00003ef0       0x82 xmega/usart_driver.o
                0x00003ef0                usart_putw_dec
 .text.usart_putdw_dec
                0x00003f72       0xc8 xmega/usart_driver.o
                0x00003f72                usart_putdw_dec
 .text.libgcc.mul
                0x0000403a       0x1e c:/program files (x86)/atmel/atmel toolchain/avr8 gcc/native/3.4.1061/avr8-gnu-toolchain/bin/../lib/gcc/avr/4.8.1/avrxmega7\libgcc.a(_mulsi3.o)
                0x0000403a                __mulsi3
 .text.libgcc.div
                0x00004058       0x28 c:/program files (x86)/atmel/atmel toolchain/avr8 gcc/native/3.4.1061/avr8-gnu-toolchain/bin/../lib/gcc/avr/4.8.1/avrxmega7\libgcc.a(_udivmodhi4.o)
                0x00004058                __udivmodhi4
 .text.libgcc.div
                0x00004080       0x44 c:/program files (x86)/atmel/atmel toolchain/avr8 gcc/native/3.4.1061/avr8-gnu-toolchain/bin/../lib/gcc/avr/4.8.1/avrxmega7\libgcc.a(_udivmodsi4.o)
                0x00004080                __udivmodsi4
 .text.libgcc   0x000040c4        0xc c:/program files (x86)/atmel/atmel toolchain/avr8 gcc/native/3.4.1061/avr8-gnu-toolchain/bin/../lib/gcc/avr/4.8.1/avrxmega7\libgcc.a(_tablejump.o)
                0x000040c4                __tablejump2__
                0x000040c8                __tablejump__
 .text.libgcc.mul
                0x000040d0       0x1e c:/program files (x86)/atmel/atmel toolchain/avr8 gcc/native/3.4.1061/avr8-gnu-toolchain/bin/../lib/gcc/avr/4.8.1/avrxmega7\libgcc.a(_umulhisi3.o)
                0x000040d0                __umulhisi3
 .text.libgcc.mul
                0x000040ee       0x14 c:/program files (x86)/atmel/atmel toolchain/avr8 gcc/native/3.4.1061/avr8-gnu-toolchain/bin/../lib/gcc/avr/4.8.1/avrxmega7\libgcc.a(_muluhisi3.o)
                0x000040ee                __muluhisi3
 .text.libgcc.mul
                0x00004102       0x92 c:/program files (x86)/atmel/atmel toolchain/avr8 gcc/native/3.4.1061/avr8-gnu-toolchain/bin/../lib/gcc/avr/4.8.1/avrxmega7\libgcc.a(_muldi3.o)
                0x00004102                __muldi3
 .text.libgcc.mul
                0x00004194       0x10 c:/program files (x86)/atmel/atmel toolchain/avr8 gcc/native/3.4.1061/avr8-gnu-toolchain/bin/../lib/gcc/avr/4.8.1/avrxmega7\libgcc.a(_muldi3_6.o)
                0x00004194                __muldi3_6
 .text.libgcc.builtins
                0x000041a4       0x32 c:/program files (x86)/atmel/atmel toolchain/avr8 gcc/native/3.4.1061/avr8-gnu-toolchain/bin/../lib/gcc/avr/4.8.1/avrxmega7\libgcc.a(_ashldi3.o)
                0x000041a4                __ashldi3
 .text.libgcc.builtins
                0x000041d6       0x3c c:/program files (x86)/atmel/atmel toolchain/avr8 gcc/native/3.4.1061/avr8-gnu-toolchain/bin/../lib/gcc/avr/4.8.1/avrxmega7\libgcc.a(_ashrdi3.o)
                0x000041d6                __ashrdi3
                0x000041da                __lshrdi3
 .text.libgcc   0x00004212       0x12 c:/program files (x86)/atmel/atmel toolchain/avr8 gcc/native/3.4.1061/avr8-gnu-toolchain/bin/../lib/gcc/avr/4.8.1/avrxmega7\libgcc.a(_adddi3.o)
                0x00004212                __adddi3
 .text.libgcc   0x00004224       0x18 c:/program files (x86)/atmel/atmel toolchain/avr8 gcc/native/3.4.1061/avr8-gnu-toolchain/bin/../lib/gcc/avr/4.8.1/avrxmega7\libgcc.a(_adddi3_s8.o)
                0x00004224                __adddi3_s8
 .text.libgcc   0x0000423c       0x12 c:/program files (x86)/atmel/atmel toolchain/avr8 gcc/native/3.4.1061/avr8-gnu-toolchain/bin/../lib/gcc/avr/4.8.1/avrxmega7\libgcc.a(_subdi3.o)
                0x0000423c                __subdi3
 .text.libgcc   0x0000424e       0x12 c:/program files (x86)/atmel/atmel toolchain/avr8 gcc/native/3.4.1061/avr8-gnu-toolchain/bin/../lib/gcc/avr/4.8.1/avrxmega7\libgcc.a(_cmpdi2.o)
                0x0000424e                __cmpdi2
 .text.libgcc   0x00004260       0x18 c:/program files (x86)/atmel/atmel toolchain/avr8 gcc/native/3.4.1061/avr8-gnu-toolchain/bin/../lib/gcc/avr/4.8.1/avrxmega7\libgcc.a(_cmpdi2_s8.o)
                0x00004260                __cmpdi2_s8
 .text.avr-libc
                0x00004278       0x3a c:/program files (x86)/atmel/atmel toolchain/avr8 gcc/native/3.4.1061/avr8-gnu-toolchain/bin/../lib/gcc/avr/4.8.1/../../../../avr/lib/avrxmega7\libc.a(atoi.o)
                0x00004278                atoi
 .text.avr-libc
                0x000042b2       0x12 c:/program files (x86)/atmel/atmel toolchain/avr8 gcc/native/3.4.1061/avr8-gnu-toolchain/bin/../lib/gcc/avr/4.8.1/../../../../avr/lib/avrxmega7\libc.a(memcpy.o)
                0x000042b2                memcpy
 .text.avr-libc
                0x000042c4       0x16 c:/program files (x86)/atmel/atmel toolchain/avr8 gcc/native/3.4.1061/avr8-gnu-toolchain/bin/../lib/gcc/avr/4.8.1/../../../../avr/lib/avrxmega7\libc.a(strchr.o)
                0x000042c4                strchr
 .text.avr-libc
                0x000042da       0x12 c:/program files (x86)/atmel/atmel toolchain/avr8 gcc/native/3.4.1061/avr8-gnu-toolchain/bin/../lib/gcc/avr/4.8.1/../../../../avr/lib/avrxmega7\libc.a(strcmp.o)
                0x000042da                strcmp
 .text.avr-libc
                0x000042ec       0x1c c:/program files (x86)/atmel/atmel toolchain/avr8 gcc/native/3.4.1061/avr8-gnu-toolchain/bin/../lib/gcc/avr/4.8.1/../../../../avr/lib/avrxmega7\libc.a(strncmp.o)
                0x000042ec                strncmp
 .text.avr-libc
                0x00004308       0x10 c:/program files (x86)/atmel/atmel toolchain/avr8 gcc/native/3.4.1061/avr8-gnu-toolchain/bin/../lib/gcc/avr/4.8.1/../../../../avr/lib/avrxmega7\libc.a(mul10.o)
                0x00004308                __mulhi_const_10
                0x00004318                . = ALIGN (0x2)
 *(.fini9)
 .fini9         0x00004318        0x0 c:/program files (x86)/atmel/atmel toolchain/avr8 gcc/native/3.4.1061/avr8-gnu-toolchain/bin/../lib/gcc/avr/4.8.1/avrxmega7\libgcc.a(_exit.o)
                0x00004318                _exit
                0x00004318                exit
 *(.fini9)
 *(.fini8)
 *(.fini8)
 *(.fini7)
 *(.fini7)
 *(.fini6)
 *(.fini6)
 *(.fini5)
 *(.fini5)
 *(.fini4)
 *(.fini4)
 *(.fini3)
 *(.fini3)
 *(.fini2)
 *(.fini2)
 *(.fini1)
 *(.fini1)
 *(.fini0)
 .fini0         0x00004318        0x4 c:/program files (x86)/atmel/atmel toolchain/avr8 gcc/native/3.4.1061/avr8-gnu-toolchain/bin/../lib/gcc/avr/4.8.1/avrxmega7\libgcc.a(_exit.o)
 *(.fini0)
                0x0000431c                _etext = .

.data           0x00802000      0x3e8 load address 0x0000431c
                0x00802000                PROVIDE (__data_start, .)
 *(.data)
 *(.data*)
 *(.rodata)
 .rodata        0x00802000        0xd sdcard/fat.o
 *(.rodata*)
 .rodata.str1.1
                0x0080200d      0x180 mechanism.o
                                0x182 (size before relaxing)
 .rodata.str1.1
                0x0080218d       0x69 pendulum_project.o
                                 0x6e (size before relaxing)
 .rodata.str1.1
                0x008021f6      0x1f1 sdcard_driver.o
                                0x1f3 (size before relaxing)
 *(.gnu.linkonce.d*)
                0x008023e8                . = ALIGN (0x2)
 *fill*         0x008023e7        0x1 
                0x008023e8                _edata = .
                0x008023e8                PROVIDE (__data_end, .)

.bss            0x008023e8      0x786
                0x008023e8                PROVIDE (__bss_start, .)
 *(.bss)
 *(.bss*)
 .bss.blink_interval
                0x008023e8        0x2 core.o
                0x008023e8                blink_interval
 .bss.fat_dir_handles
                0x008023ea       0x72 sdcard/fat.o
 .bss.fat_file_handles
                0x0080245c       0x3f sdcard/fat.o
 .bss.fat_fs_handles
                0x0080249b       0x32 sdcard/fat.o
 .bss.partition_handles
                0x008024cd       0x11 sdcard/partition.o
 .bss.sd_raw_card_type
                0x008024de        0x1 sdcard/sd_raw.o
 .bss.raw_block_written
                0x008024df        0x1 sdcard/sd_raw.o
 .bss.raw_block_address
                0x008024e0        0x8 sdcard/sd_raw.o
 .bss.raw_block
                0x008024e8      0x200 sdcard/sd_raw.o
 .bss.card_open
                0x008026e8        0x1 sdcard_driver.o
                0x008026e8                card_open
 .bss.file_open
                0x008026e9        0x1 sdcard_driver.o
                0x008026e9                file_open
 *(COMMON)
 COMMON         0x008026ea      0x207 core.o
                0x008026ea                USART_C0_data
 COMMON         0x008028f1      0x1e0 mechanism.o
                0x008028f1                inga_1_choreography
                0x008029b9                PWM_L_soft
                0x008029bb                inga_1_progress_time
                0x008029bf                PWM_R_soft
                0x008029c1                inga_1_hold_time
                0x008029c3                inga_1_pull_time
                0x008029c5                inga_2_choreography
                0x00802a8d                periodus_2_elkezdve
                0x00802a8e                PWM_L
                0x00802a90                inga_2_choreography_rowCNT
                0x00802a91                inga_2_realize_time
                0x00802a93                inga_1_realize_force
                0x00802a95                inga_2_period
                0x00802a97                inga_2_period_timer
                0x00802a9b                PWM_R
                0x00802a9d                inga_1_choreography_rowCNT
                0x00802a9e                inga_1_pull_force
                0x00802aa0                inga_1_choreography_timer
                0x00802aa4                inga_1_period
                0x00802aa6                inga_1_realize_time
                0x00802aa8                inga_2_hold_time
                0x00802aaa                inga_2_choreography_timer
                0x00802aae                lengesszam_2
                0x00802ab0                inga_2_pull_time
                0x00802ab2                inga_2_hold_force
                0x00802ab4                inga_2_progress_time
                0x00802ab8                periodus_1_elkezdve
                0x00802ab9                inga_2_step
                0x00802aba                inga_1_step
                0x00802abb                inga_2_realize_force
                0x00802abd                inga_1_hold_force
                0x00802abf                lokessuruseg
                0x00802ac1                inga_2_pull_force
                0x00802ac3                inga_1_period_timer
                0x00802ac7                timer_10ms
                0x00802acb                lengesszam_1
                0x00802acd                timer_scaler
 COMMON         0x00802ad1        0x2 pendulum_project.o
                0x00802ad1                j
                0x00802ad2                i
 COMMON         0x00802ad3       0x9b sdcard_driver.o
                0x00802ad3                fs
                0x00802ad5                dir_entry
                0x00802b06                directory
                0x00802b37                fd
                0x00802b39                partition
                0x00802b3b                dd
                0x00802b3d                file_entry
                0x00802b6e                PROVIDE (__bss_end, .)
                0x0000431c                __data_load_start = LOADADDR (.data)
                0x00004704                __data_load_end = (__data_load_start + SIZEOF (.data))

.noinit         0x00802b6e        0x0
                0x00802b6e                PROVIDE (__noinit_start, .)
 *(.noinit*)
                0x00802b6e                PROVIDE (__noinit_end, .)
                0x00802b6e                _end = .
                0x00802b6e                PROVIDE (__heap_start, .)

.eeprom         0x00810000        0x0
 *(.eeprom*)
                0x00810000                __eeprom_end = .

.fuse
 *(.fuse)
 *(.lfuse)
 *(.hfuse)
 *(.efuse)

.lock
 *(.lock*)

.signature
 *(.signature*)

.user_signatures
 *(.user_signatures*)

.stab
 *(.stab)

.stabstr
 *(.stabstr)

.stab.excl
 *(.stab.excl)

.stab.exclstr
 *(.stab.exclstr)

.stab.index
 *(.stab.index)

.stab.indexstr
 *(.stab.indexstr)

.comment        0x00000000       0x30
 *(.comment)
 .comment       0x00000000       0x30 core.o
                                 0x31 (size before relaxing)
 .comment       0x00000000       0x31 mechanism.o
 .comment       0x00000000       0x31 pendulum_project.o
 .comment       0x00000000       0x31 sdcard/byteordering.o
 .comment       0x00000000       0x31 sdcard/fat.o
 .comment       0x00000000       0x31 sdcard/partition.o
 .comment       0x00000000       0x31 sdcard/sd_raw.o
 .comment       0x00000000       0x31 sdcard_driver.o
 .comment       0x00000000       0x31 TC_driver.o
 .comment       0x00000000       0x31 xmega/usart_driver.o

.note.gnu.build-id
 *(.note.gnu.build-id)

.debug
 *(.debug)

.line
 *(.line)

.debug_srcinfo
 *(.debug_srcinfo)

.debug_sfnames
 *(.debug_sfnames)

.debug_aranges  0x00000000      0x4c0
 *(.debug_aranges)
 .debug_aranges
                0x00000000       0x40 core.o
 .debug_aranges
                0x00000040       0x50 mechanism.o
 .debug_aranges
                0x00000090       0x20 pendulum_project.o
 .debug_aranges
                0x000000b0       0x38 sdcard/byteordering.o
 .debug_aranges
                0x000000e8      0x110 sdcard/fat.o
 .debug_aranges
                0x000001f8       0x28 sdcard/partition.o
 .debug_aranges
                0x00000220       0x78 sdcard/sd_raw.o
 .debug_aranges
                0x00000298       0x90 sdcard_driver.o
 .debug_aranges
                0x00000328       0xc8 TC_driver.o
 .debug_aranges
                0x000003f0       0xd0 xmega/usart_driver.o

.debug_pubnames
 *(.debug_pubnames)

.debug_info     0x00000000     0xa48c
 *(.debug_info .gnu.linkonce.wi.*)
 .debug_info    0x00000000     0x132e core.o
 .debug_info    0x0000132e     0x13c2 mechanism.o
 .debug_info    0x000026f0      0x589 pendulum_project.o
 .debug_info    0x00002c79      0x164 sdcard/byteordering.o
 .debug_info    0x00002ddd     0x281f sdcard/fat.o
 .debug_info    0x000055fc      0x3b1 sdcard/partition.o
 .debug_info    0x000059ad      0xe50 sdcard/sd_raw.o
 .debug_info    0x000067fd     0x1aef sdcard_driver.o
 .debug_info    0x000082ec     0x12fd TC_driver.o
 .debug_info    0x000095e9      0xea3 xmega/usart_driver.o

.debug_abbrev   0x00000000     0x17ee
 *(.debug_abbrev)
 .debug_abbrev  0x00000000      0x20c core.o
 .debug_abbrev  0x0000020c      0x3aa mechanism.o
 .debug_abbrev  0x000005b6      0x1bb pendulum_project.o
 .debug_abbrev  0x00000771       0xb5 sdcard/byteordering.o
 .debug_abbrev  0x00000826      0x394 sdcard/fat.o
 .debug_abbrev  0x00000bba      0x14b sdcard/partition.o
 .debug_abbrev  0x00000d05      0x29f sdcard/sd_raw.o
 .debug_abbrev  0x00000fa4      0x32b sdcard_driver.o
 .debug_abbrev  0x000012cf      0x176 TC_driver.o
 .debug_abbrev  0x00001445      0x3a9 xmega/usart_driver.o

.debug_line     0x00000000     0x3f08
 *(.debug_line .debug_line.* .debug_line_end)
 .debug_line    0x00000000      0x2cf core.o
 .debug_line    0x000002cf      0x6c0 mechanism.o
 .debug_line    0x0000098f      0x242 pendulum_project.o
 .debug_line    0x00000bd1      0x150 sdcard/byteordering.o
 .debug_line    0x00000d21     0x166a sdcard/fat.o
 .debug_line    0x0000238b      0x1a8 sdcard/partition.o
 .debug_line    0x00002533      0x8c7 sdcard/sd_raw.o
 .debug_line    0x00002dfa      0x69c sdcard_driver.o
 .debug_line    0x00003496      0x34c TC_driver.o
 .debug_line    0x000037e2      0x726 xmega/usart_driver.o

.debug_frame    0x00000000     0x1680
 *(.debug_frame)
 .debug_frame   0x00000000      0x12c core.o
 .debug_frame   0x0000012c      0x140 mechanism.o
 .debug_frame   0x0000026c       0x24 pendulum_project.o
 .debug_frame   0x00000290       0x54 sdcard/byteordering.o
 .debug_frame   0x000002e4      0x908 sdcard/fat.o
 .debug_frame   0x00000bec       0x88 sdcard/partition.o
 .debug_frame   0x00000c74      0x30c sdcard/sd_raw.o
 .debug_frame   0x00000f80      0x250 sdcard_driver.o
 .debug_frame   0x000011d0      0x174 TC_driver.o
 .debug_frame   0x00001344      0x33c xmega/usart_driver.o

.debug_str      0x00000000     0x2388
 *(.debug_str)
 .debug_str     0x00000000      0xb5f core.o
                                0xbd0 (size before relaxing)
 .debug_str     0x00000b5f      0x402 mechanism.o
                                0xa30 (size before relaxing)
 .debug_str     0x00000f61       0x1d pendulum_project.o
                                0x406 (size before relaxing)
 .debug_str     0x00000f7e       0x8f sdcard/byteordering.o
                                0x1af (size before relaxing)
 .debug_str     0x0000100d      0x7db sdcard/fat.o
                                0xa4b (size before relaxing)
 .debug_str     0x000017e8       0x5b sdcard/partition.o
                                0x2fa (size before relaxing)
 .debug_str     0x00001843      0x277 sdcard/sd_raw.o
                                0x559 (size before relaxing)
 .debug_str     0x00001aba      0x172 sdcard_driver.o
                                0x854 (size before relaxing)
 .debug_str     0x00001c2c      0x57e TC_driver.o
                                0xc52 (size before relaxing)
 .debug_str     0x000021aa      0x1de xmega/usart_driver.o
                                0x6dd (size before relaxing)

.debug_loc      0x00000000     0x92f4
 *(.debug_loc)
 .debug_loc     0x00000000      0x299 core.o
 .debug_loc     0x00000299      0x56c mechanism.o
 .debug_loc     0x00000805       0x50 sdcard/byteordering.o
 .debug_loc     0x00000855     0x517f sdcard/fat.o
 .debug_loc     0x000059d4      0x27a sdcard/partition.o
 .debug_loc     0x00005c4e     0x165d sdcard/sd_raw.o
 .debug_loc     0x000072ab      0x9a1 sdcard_driver.o
 .debug_loc     0x00007c4c      0x378 TC_driver.o
 .debug_loc     0x00007fc4     0x1330 xmega/usart_driver.o

.debug_macinfo
 *(.debug_macinfo)

.debug_weaknames
 *(.debug_weaknames)

.debug_funcnames
 *(.debug_funcnames)

.debug_typenames
 *(.debug_typenames)

.debug_varnames
 *(.debug_varnames)

.debug_pubtypes
 *(.debug_pubtypes)

.debug_ranges   0x00000000      0x708
 *(.debug_ranges)
 .debug_ranges  0x00000000       0x30 core.o
 .debug_ranges  0x00000030       0x40 mechanism.o
 .debug_ranges  0x00000070       0x10 pendulum_project.o
 .debug_ranges  0x00000080       0x28 sdcard/byteordering.o
 .debug_ranges  0x000000a8      0x320 sdcard/fat.o
 .debug_ranges  0x000003c8       0x18 sdcard/partition.o
 .debug_ranges  0x000003e0       0xe8 sdcard/sd_raw.o
 .debug_ranges  0x000004c8       0xb0 sdcard_driver.o
 .debug_ranges  0x00000578       0xb8 TC_driver.o
 .debug_ranges  0x00000630       0xd8 xmega/usart_driver.o

.debug_macro
 *(.debug_macro)
OUTPUT(pendulum_project.elf elf32-avr)
LOAD linker stubs
